%!Adobe-FontList 1.16
%Locale:0x409

%BeginFont
Handler:DirectoryHandler
FontType:Type1
FontName:Bookinsanity-BoldItalic
FamilyName:Bookinsanity
StyleName:Bold Italic
FullName:Bookinsanity Bold Italic
MenuName:Bookinsanity
StyleBits:3
WritingScript:Roman
OutlineFileName:F:\Dungeons and Dragons\Monster a day\Page Elements\All Elements\Solbera Template Folder\Document fonts\Bookinsanity Bold Italic_4.otf
DataFormat:sfntData
UsesStandardEncoding:yes
isCFF:yes
FileLength:34476
FileModTime:1450729189
WeightClass:700
WidthClass:5
AngleClass:1
NameArray:0,Mac,4,Bookinsanity Bold Italic
NameArray:0,Win,1,Bookinsanity
%EndFont

%BeginFont
Handler:DirectoryHandler
FontType:Type1
FontName:Bookinsanity
FamilyName:Bookinsanity
StyleName:Regular
FullName:Bookinsanity
MenuName:Bookinsanity
StyleBits:0
WritingScript:Roman
OutlineFileName:F:\Dungeons and Dragons\Monster a day\Page Elements\All Elements\Solbera Template Folder\Document fonts\Bookinsanity.otf
DataFormat:sfntData
UsesStandardEncoding:yes
isCFF:yes
FileLength:33576
FileModTime:1449437744
WeightClass:400
WidthClass:5
AngleClass:0
NameArray:0,Mac,4,Bookinsanity
NameArray:0,Win,1,Bookinsanity
%EndFont

%BeginFont
Handler:DirectoryHandler
FontType:Type1
FontName:MinionPro-Regular
FamilyName:Minion Pro
StyleName:Regular
FullName:Minion Pro
MenuName:Minion Pro
StyleBits:0
WritingScript:Roman
OutlineFileName:F:\Dungeons and Dragons\Monster a day\Page Elements\All Elements\Solbera Template Folder\Document fonts\MinionPro-Regular.otf
DataFormat:sfntData
UsesStandardEncoding:yes
isCFF:yes
FileLength:218640
FileModTime:1432872336
WeightClass:400
WidthClass:5
AngleClass:0
DesignSize:110
NameArray:0,Mac,4,Minion Pro
NameArray:0,Win,1,Minion Pro
%EndFont

%BeginFont
Handler:DirectoryHandler
FontType:TrueType
FontName:Mr.EavesSmallCaps
FamilyName:Mr. Eaves Small Caps
StyleName:Regular
FullName:Mr. Eaves Small Caps
MenuName:Mr. Eaves Small Caps
StyleBits:0
WritingScript:Roman
OutlineFileName:F:\Dungeons and Dragons\Monster a day\Page Elements\All Elements\Solbera Template Folder\Document fonts\Mr Eaves Small Caps_0.otf
DataFormat:sfntData
FileLength:44952
FileModTime:1449437772
WeightClass:400
WidthClass:5
AngleClass:0
NameArray:0,Mac,4,Mr. Eaves Small Caps
NameArray:0,Win,1,Mr. Eaves Small Caps
%EndFont

%BeginFont
Handler:DirectoryHandler
FontType:TrueType
FontName:ScalaSansCaps
FamilyName:ScalaSans Caps
StyleName:Regular
FullName:ScalaSans Caps
MenuName:ScalaSans Caps
StyleBits:0
WritingScript:Roman
OutlineFileName:F:\Dungeons and Dragons\Monster a day\Page Elements\All Elements\Solbera Template Folder\Document fonts\scalasans-caps.ttf
DataFormat:sfntData
FileLength:22148
FileModTime:1449422723
WeightClass:400
WidthClass:5
AngleClass:0
NameArray:0,Mac,4,ScalaSans Caps
NameArray:0,Win,1,ScalaSans Caps
%EndFont

%BeginFont
Handler:DirectoryHandler
FontType:TrueType
FontName:ScalySans-BoldItalic
FamilyName:Scaly Sans
StyleName:Bold Italic
FullName:Scaly Sans Bold Italic
MenuName:Scaly Sans
StyleBits:3
WritingScript:Roman
OutlineFileName:F:\Dungeons and Dragons\Monster a day\Page Elements\All Elements\Solbera Template Folder\Document fonts\Scaly Sans Bold Italic_0.otf
DataFormat:sfntData
FileLength:21636
FileModTime:1449510843
WeightClass:700
WidthClass:5
AngleClass:0
NameArray:0,Mac,4,Scaly Sans Bold Italic
NameArray:0,Win,1,Scaly Sans
%EndFont

%BeginFont
Handler:DirectoryHandler
FontType:TrueType
FontName:ScalySans-Bold
FamilyName:Scaly Sans
StyleName:Bold
FullName:Scaly Sans Bold
MenuName:Scaly Sans
StyleBits:2
WritingScript:Roman
OutlineFileName:F:\Dungeons and Dragons\Monster a day\Page Elements\All Elements\Solbera Template Folder\Document fonts\Scaly Sans Bold.otf
DataFormat:sfntData
FileLength:20744
FileModTime:1449437859
WeightClass:700
WidthClass:5
AngleClass:0
NameArray:0,Mac,4,Scaly Sans Bold
NameArray:0,Win,1,Scaly Sans
%EndFont

%BeginFont
Handler:DirectoryHandler
FontType:TrueType
FontName:ScalySans-Italic
FamilyName:Scaly Sans
StyleName:Italic
FullName:Scaly Sans Italic
MenuName:Scaly Sans
StyleBits:1
WritingScript:Roman
OutlineFileName:F:\Dungeons and Dragons\Monster a day\Page Elements\All Elements\Solbera Template Folder\Document fonts\Scaly Sans Italic.otf
DataFormat:sfntData
FileLength:21568
FileModTime:1449437852
WeightClass:400
WidthClass:5
AngleClass:1
NameArray:0,Mac,4,Scaly Sans Italic
NameArray:0,Win,1,Scaly Sans
%EndFont

%BeginFont
Handler:DirectoryHandler
FontType:TrueType
FontName:ScalySans
FamilyName:Scaly Sans
StyleName:Regular
FullName:Scaly Sans
MenuName:Scaly Sans
StyleBits:0
WritingScript:Roman
OutlineFileName:F:\Dungeons and Dragons\Monster a day\Page Elements\All Elements\Solbera Template Folder\Document fonts\Scaly Sans.otf
DataFormat:sfntData
FileLength:34636
FileModTime:1449561810
WeightClass:400
WidthClass:5
AngleClass:0
NameArray:0,Mac,4,Scaly Sans
NameArray:0,Win,1,Scaly Sans
%EndFont

%BeginFont
Handler:DirectoryHandler
FontType:TrueType
FontName:ZatannaMisdirection
FamilyName:Zatanna Misdirection
StyleName:Regular
FullName:Zatanna Misdirection
MenuName:Zatanna Misdirection
StyleBits:0
WritingScript:Roman
OutlineFileName:F:\Dungeons and Dragons\Monster a day\Page Elements\All Elements\Solbera Template Folder\Document fonts\Zatanna Misdirection_0.otf
DataFormat:sfntData
FileLength:12300
FileModTime:1449437961
WeightClass:400
WidthClass:5
AngleClass:0
NameArray:0,Mac,4,Zatanna Misdirection
NameArray:0,Win,1,Zatanna Misdirection
%EndFont

